// Jest Snapshot v1, https://goo.gl/fbAQLP

exports[`Header render correctly 1`] = `
<div>
  
</div>
`;

exports[`Layout render correctly 1`] = `
<div>
  
</div>
`;
