// Jest Snapshot v1, https://goo.gl/fbAQLP

exports[`Header render correctly 1`] = `
<div>
  <div
    className="x0 x1 x2 "
  >
    <div
      style={
        Object {
          "height": "auto",
          "transition": "width 150ms linear",
          "width": "auto",
        }
      }
    >
      <div
        className="x0 x3 x4 x5"
        style={
          Object {
            "opacity": 1,
            "position": "relative",
            "transform": "translateY(0px)",
          }
        }
      >
        <div>
          Web Developer ðŸ”¨
        </div>
      </div>
    </div>
  </div>
  <div>
    Yuma Kitamura
  </div>
  <div>
    Osaka, Kyoto in Japan
  </div>
</div>
`;
