// Jest Snapshot v1, https://goo.gl/fbAQLP

exports[`Work render correctly 1`] = `
<div>
  work
  <div>
    work_experience
  </div>
  <div>
    related_links
  </div>
  <div>
    <ul>
      <li>
        <a
          href="https://github.com/jiyuujin/Curriculum-Vitae"
          rel="noopener noreferrer"
          target="_blank"
        >
          curriculum_vitae
        </a>
      </li>
      <li>
        <a
          href="https://scrapbox.io/nekohack/skillset"
          rel="noopener noreferrer"
          target="_blank"
        >
          skill_set_coming_soon
        </a>
      </li>
    </ul>
  </div>
  <div>
    skill
  </div>
  <div>
    <div>
      <h2>
        Vue.js & Nuxt.js
      </h2>
      <div>
        v-kansai team member ‚ô•Ô∏èÔ∏è
      </div>
      <div
        className=""
      >
        Vue.js Advocator üòé
      </div>
    </div>
    <div>
      <h2>
        Node.js & JavaScript
      </h2>
      <div>
        ES6
      </div>
      <div>
        Plugin Creation
      </div>
      <div
        className=""
      >
        Babel
      </div>
      <div
        className=""
      >
        Webpack
      </div>
    </div>
    <div>
      <h2>
        React
      </h2>
      <div>
        React Enthusiast üòÄ
      </div>
      <div
        className=""
      >
        Next.js
      </div>
      <div
        className=""
      >
        Gatsby.js
      </div>
    </div>
    <div>
      <h2>
        VC & CI
      </h2>
      <div>
        Git
      </div>
      <div
        className=""
      >
        Github Actions
      </div>
      <div
        className=""
      >
        Gitlab CI
      </div>
      <div
        className=""
      >
        Travis CI
      </div>
    </div>
    <div>
      <h2>
        Infrastructure
      </h2>
      <div>
        Serverless ‚úçÔ∏è
      </div>
      <div>
        AWS
      </div>
      <div
        className=""
      >
        GCP / Firebase
      </div>
      <div
        className=""
      >
        Netlify
      </div>
    </div>
    <div>
      <h2>
        Scala
      </h2>
      <div>
        Playframework
      </div>
      <div
        className=""
      >
        Akka HTTP
      </div>
    </div>
  </div>
</div>
`;
